Script started on Tue May 17 11:53:30 2011
bash-3.2$ quit
bash: quit: command not found
bash-3.2$ 
bash-3.2$ rails
Usage: rails COMMAND [ARGS]

The most common rails commands are:
 generate    Generate new code (short-cut alias: "g")
 console     Start the Rails console (short-cut alias: "c")
 server      Start the Rails server (short-cut alias: "s")
 dbconsole   Start a console for the database specified in config/database.yml
             (short-cut alias: "db")
 new         Create a new Rails application. "rails new my_app" creates a
             new application called MyApp in "./my_app"

In addition to those, there are:
 application  Generate the Rails application code
 destroy      Undo code generated with "generate"
 benchmarker  See how fast a piece of code runs
 profiler     Get profile information from a piece of code
 plugin       Install a plugin
 runner       Run a piece of code in the application environment

All commands can be run with -h for more information.
bash-3.2$ cucumber
Using the default profile...
[31mF[0m[36m-[0m[36m-[0m

[31m(::) failed steps (::)[0m

[31mundefined local variable or method `menu_path' for #<Object:0x80e28bd4> (NameError)
./features/step_definitions/game_steps.rb:2:in `/^I am on the Main Menu$/'
features/games/game.feature:4:in `When I am on the Main Menu'[0m

[31mFailing Scenarios:[0m
[31mcucumber features/games/game.feature:3[0m[90m # Scenario: A new game can be created[0m

1 scenario ([31m1 failed[0m)
3 steps ([31m1 failed[0m, [36m2 skipped[0m)
0m0.002s
bash-3.2$ generate cucumber
bash: generate: command not found
bash-3.2$ ma[K[K